-- Test for the UTL_RAW package
\set ECHO none
SET search_path TO utl_raw, oracle, "$user", public, pg_catalog;
----
-- CAST_TO_RAW() / CAST_TO_VARCHAR2() -- the database charset byte view of a string
----
-- ORACLE> SELECT UTL_RAW.CAST_TO_RAW('ABC') FROM dual; -> 414243
SELECT rawtohex(utl_raw.cast_to_raw('ABC'));
 rawtohex 
----------
 414243
(1 row)

-- ORACLE> SELECT UTL_RAW.CAST_TO_VARCHAR2(HEXTORAW('414243')) FROM dual; -> ABC
SELECT utl_raw.cast_to_varchar2(hextoraw('414243'));
 cast_to_varchar2 
------------------
 ABC
(1 row)

-- inverse of each other, including a multibyte string
SELECT utl_raw.cast_to_varchar2(utl_raw.cast_to_raw('Ångström'));
 cast_to_varchar2 
------------------
 Ångström
(1 row)

----
-- LENGTH() -- the number of bytes
----
-- ORACLE> SELECT UTL_RAW.LENGTH(HEXTORAW('DEADBEEF')) FROM dual; -> 4
SELECT utl_raw.length(hextoraw('DEADBEEF'));
 length 
--------
      4
(1 row)

SELECT utl_raw.length(hextoraw(''));
 length 
--------
      0
(1 row)

----
-- SUBSTR() -- 1-based, a negative position counts from the end, length optional
----
-- ORACLE> SELECT UTL_RAW.SUBSTR(HEXTORAW('DEADBEEF'), 2, 2) FROM dual; -> ADBE
SELECT rawtohex(utl_raw.substr(hextoraw('DEADBEEF'), 2, 2));
 rawtohex 
----------
 ADBE
(1 row)

-- omitted length runs to the end
SELECT rawtohex(utl_raw.substr(hextoraw('DEADBEEF'), 3));
 rawtohex 
----------
 BEEF
(1 row)

-- a negative position counts from the end
SELECT rawtohex(utl_raw.substr(hextoraw('DEADBEEF'), -1));
 rawtohex 
----------
 EF
(1 row)

----
-- CONCAT() -- concatenate raw values
----
-- ORACLE> SELECT UTL_RAW.CONCAT(HEXTORAW('DEAD'), HEXTORAW('BEEF')) FROM dual; -> DEADBEEF
SELECT rawtohex(utl_raw.concat(hextoraw('DEAD'), hextoraw('BEEF')));
 rawtohex 
----------
 DEADBEEF
(1 row)

----
-- BIT_AND() / BIT_OR() / BIT_XOR() -- byte-wise; the tail of the longer operand
-- is appended once the shorter one runs out, as in Oracle
----
-- ORACLE> SELECT UTL_RAW.BIT_AND(HEXTORAW('F0F0'), HEXTORAW('FF00')) FROM dual; -> F000
SELECT rawtohex(utl_raw.bit_and(hextoraw('F0F0'), hextoraw('FF00')));
 rawtohex 
----------
 F000
(1 row)

-- ORACLE> SELECT UTL_RAW.BIT_OR(HEXTORAW('F000'), HEXTORAW('0F0F')) FROM dual; -> FF0F
SELECT rawtohex(utl_raw.bit_or(hextoraw('F000'), hextoraw('0F0F')));
 rawtohex 
----------
 FF0F
(1 row)

-- ORACLE> SELECT UTL_RAW.BIT_XOR(HEXTORAW('FF'), HEXTORAW('0F')) FROM dual; -> F0
SELECT rawtohex(utl_raw.bit_xor(hextoraw('FF'), hextoraw('0F')));
 rawtohex 
----------
 F0
(1 row)

-- unequal lengths: the unprocessed tail of the longer operand is appended
SELECT rawtohex(utl_raw.bit_and(hextoraw('FFFF'), hextoraw('F0')));
 rawtohex 
----------
 F0FF
(1 row)

